C51 COMPILER V8.08   SWITCH_LED_2022_4_21                                                  04/22/2022 00:15:12 PAGE 1   


C51 COMPILER V8.08, COMPILATION OF MODULE SWITCH_LED_2022_4_21
OBJECT MODULE PLACED IN Switch_LED_2022-4-21.OBJ
COMPILER INVOKED BY: F:\Keil_uVision3\C51\BIN\C51.EXE Switch_LED_2022-4-21.c BROWSE DEBUG OBJECTEXTEND

line level    source

   1          #include <REGX51.H>
   2          sbit L1 = P1^4;
   3          sbit L2 = P1^5;
   4          sbit L3 = P1^6;
   5          sbit L4 = P1^7;
   6          unsigned char LED[4] = { 0xfe, 0xfc, 0xf8, 0xf0 };
   7          
   8          void delay()
   9          {
  10   1              int i,j;
  11   1              for(i = 0; i < 13; i++)
  12   1                      for(j = 0; j < 255; j++);
  13   1      }
  14          
  15          int main()
  16          {
  17   1          while(1)
  18   1          {
  19   2              P1 = 0xff;
  20   2              if(L1 == 0)
  21   2                  P1 = LED[0];
  22   2              if(L2 == 0)
  23   2                  P1 = LED[1];
  24   2              if(L3 == 0)
  25   2                  P1 = LED[2];
  26   2              if(L4 == 0)
  27   2                  P1 = LED[3];
  28   2      
  29   2              delay();
  30   2          }
  31   1      
  32   1          return 0;
  33   1      }


MODULE INFORMATION:   STATIC OVERLAYABLE
   CODE SIZE        =     60    ----
   CONSTANT SIZE    =   ----    ----
   XDATA SIZE       =   ----    ----
   PDATA SIZE       =   ----    ----
   DATA SIZE        =      4    ----
   IDATA SIZE       =   ----    ----
   BIT SIZE         =   ----    ----
END OF MODULE INFORMATION.


C51 COMPILATION COMPLETE.  0 WARNING(S),  0 ERROR(S)
