BL51 BANKED LINKER/LOCATER V6.05                                                        04/12/2022  22:38:54  PAGE 1


BL51 BANKED LINKER/LOCATER V6.05, INVOKED BY:
F:\KEIL_UVISION3\C51\BIN\BL51.EXE STARTUP.obj, Test_2022_4_12_LED_Cycle.obj TO Test_2022_4_12_LED_Cycle


MEMORY MODEL: SMALL


INPUT MODULES INCLUDED:
  STARTUP.obj (?C_STARTUP)
  Test_2022_4_12_LED_Cycle.obj (TEST_2022_4_12_LED_CYCLE)


LINK MAP OF MODULE:  Test_2022_4_12_LED_Cycle (?C_STARTUP)


            TYPE    BASE      LENGTH    RELOCATION   SEGMENT NAME
            -----------------------------------------------------

            * * * * * * *   D A T A   M E M O R Y   * * * * * * *
            REG     0000H     0008H     ABSOLUTE     "REG BANK 0"
            IDATA   0008H     0001H     UNIT         ?STACK

            * * * * * * *   C O D E   M E M O R Y   * * * * * * *
            CODE    0000H     0003H     ABSOLUTE     
            CODE    0003H     002DH     UNIT         ?PR?_DELAY?TEST_2022_4_12_LED_CYCLE
            CODE    0030H     0019H     UNIT         ?PR?MAIN?TEST_2022_4_12_LED_CYCLE
            CODE    0049H     000CH     UNIT         ?C_C51STARTUP



OVERLAY MAP OF MODULE:   Test_2022_4_12_LED_Cycle (?C_STARTUP)


SEGMENT
  +--> CALLED SEGMENT
---------------------
?C_C51STARTUP
  +--> ?PR?MAIN?TEST_2022_4_12_LED_CYCLE

?PR?MAIN?TEST_2022_4_12_LED_CYCLE
  +--> ?PR?_DELAY?TEST_2022_4_12_LED_CYCLE



SYMBOL TABLE OF MODULE:  Test_2022_4_12_LED_Cycle (?C_STARTUP)

  VALUE           TYPE          NAME
  ----------------------------------

  -------         MODULE        ?C_STARTUP
  C:0049H         SEGMENT       ?C_C51STARTUP
  I:0008H         SEGMENT       ?STACK
  C:0000H         PUBLIC        ?C_STARTUP
  D:00E0H         SYMBOL        ACC
  D:00F0H         SYMBOL        B
  D:0083H         SYMBOL        DPH
  D:0082H         SYMBOL        DPL
  N:0000H         SYMBOL        IBPSTACK
BL51 BANKED LINKER/LOCATER V6.05                                                      04/12/2022  22:38:54  PAGE 2


  N:0100H         SYMBOL        IBPSTACKTOP
  N:0080H         SYMBOL        IDATALEN
  C:004CH         SYMBOL        IDATALOOP
  N:0000H         SYMBOL        PBPSTACK
  N:0100H         SYMBOL        PBPSTACKTOP
  N:0000H         SYMBOL        PDATALEN
  N:0000H         SYMBOL        PDATASTART
  N:0000H         SYMBOL        PPAGE
  N:0000H         SYMBOL        PPAGEENABLE
  D:00A0H         SYMBOL        PPAGE_SFR
  D:0081H         SYMBOL        SP
  C:0049H         SYMBOL        STARTUP1
  N:0000H         SYMBOL        XBPSTACK
  N:0000H         SYMBOL        XBPSTACKTOP
  N:0000H         SYMBOL        XDATALEN
  N:0000H         SYMBOL        XDATASTART
  C:0000H         LINE#         126
  C:0049H         LINE#         133
  C:004BH         LINE#         134
  C:004CH         LINE#         135
  C:004DH         LINE#         136
  C:004FH         LINE#         185
  C:0052H         LINE#         196
  -------         ENDMOD        ?C_STARTUP

  -------         MODULE        TEST_2022_4_12_LED_CYCLE
  C:0000H         SYMBOL        _ICE_DUMMY_
  D:0090H         PUBLIC        P1
  C:0003H         PUBLIC        _delay
  C:0030H         PUBLIC        main
  -------         PROC          _DELAY
  D:0006H         SYMBOL        times
  -------         DO            
  D:0004H         SYMBOL        i
  D:0002H         SYMBOL        j
  -------         ENDDO         
  C:0003H         LINE#         4
  C:0003H         LINE#         5
  C:0003H         LINE#         7
  C:000DH         LINE#         8
  C:000DH         LINE#         9
  C:001BH         LINE#         10
  C:002FH         LINE#         11
  C:002FH         LINE#         12
  -------         ENDPROC       _DELAY
  -------         PROC          MAIN
  C:0030H         LINE#         14
  C:0030H         LINE#         15
  C:0030H         LINE#         16
  C:0033H         LINE#         17
  C:0033H         LINE#         18
  C:0033H         LINE#         19
  C:003AH         LINE#         20
  C:0047H         LINE#         21
  -------         ENDPROC       MAIN
  -------         ENDMOD        TEST_2022_4_12_LED_CYCLE

BL51 BANKED LINKER/LOCATER V6.05                                                      04/12/2022  22:38:54  PAGE 3


Program Size: data=9.0 xdata=0 code=85
LINK/LOCATE RUN COMPLETE.  0 WARNING(S),  0 ERROR(S)
